00:00.063  reports          | WARNING Unable to open 'C:\Users\matez\AppData\Roaming\Blender Foundation\Blender\5.2\config\userpref.blend': Permission denied
Blender 5.2.1 LTS (hash 9e2066aef7ef built 2026-08-25 02:38:20)
D:\Projects\MazeBoo\FoxRobot\build.py:23: DeprecationWarning: 'Material.use_nodes' is expected to be removed in Blender 6.0
  m.use_nodes = True
D:\Projects\MazeBoo\FoxRobot\build.py:23: DeprecationWarning: 'Material.use_nodes' is expected to be removed in Blender 6.0
  m.use_nodes = True
D:\Projects\MazeBoo\FoxRobot\build.py:217: DeprecationWarning: 'World.use_nodes' is expected to be removed in Blender 6.0
  sc.world=bpy.data.worlds.new('Studio ambient');sc.world.use_nodes=True
00:12.641  image.write      | ERROR OpenImageIO write failed: Could not open file "\.thumbnails\large\blender_66768_1aabdd931db99634dfbccadc65b3b34d.png.png"
00:25.766  render           | Saved: 'D:\Projects\MazeBoo\FoxRobot\portrait_final.png'
00:38.766  render           | Saved: 'D:\Projects\MazeBoo\FoxRobot\overhead_final.png'
00:51.188  render           | Saved: 'D:\Projects\MazeBoo\FoxRobot\side_final.png'
Extensions: writing cache failed ([WinError 5] Access is denied: 'C:\\Users\\matez\\AppData\\Roaming\\Blender Foundation\\Blender\\5.2\\extensions').
FOX_AO baked into 33 meshes

FBX export starting... 'D:/Projects/MazeBoo/FoxRobot/FoxRobot.fbx'
(bpy.data.armatures['Armature'], 'POSE')
(bpy.data.armatures['Armature'], 'POSE')
(bpy.data.armatures['Armature'], 'POSE')
(bpy.data.armatures['Armature'], 'POSE')
(bpy.data.armatures['Armature'], 'POSE')
(bpy.data.armatures['Armature'], 'POSE')
(bpy.data.armatures['Armature'], 'POSE')
(bpy.data.armatures['Armature'], 'POSE')
(bpy.data.armatures['Armature'], 'POSE')
(bpy.data.armatures['Armature'], 'POSE')
(bpy.data.armatures['Armature'], 'POSE')
(bpy.data.armatures['Armature'], 'POSE')
(bpy.data.armatures['Armature'], 'POSE')
(bpy.data.armatures['Armature'], 'POSE')
(bpy.data.armatures['Armature'], 'POSE')
(bpy.data.armatures['Armature'], 'POSE')
(bpy.data.armatures['Armature'], 'POSE')
(bpy.data.armatures['Armature'], 'POSE')
(bpy.data.armatures['Armature'], 'POSE')
(bpy.data.armatures['Armature'], 'POSE')
(bpy.data.armatures['Armature'], 'POSE')
(bpy.data.armatures['Armature'], 'POSE')
(bpy.data.armatures['Armature'], 'POSE')
(bpy.data.armatures['Armature'], 'POSE')
(bpy.data.armatures['Armature'], 'POSE')
(bpy.data.armatures['Armature'], 'POSE')
(bpy.data.armatures['Armature'], 'POSE')
(bpy.data.armatures['Armature'], 'POSE')
(bpy.data.armatures['Armature'], 'POSE')
(bpy.data.armatures['Armature'], 'POSE')
(bpy.data.armatures['Armature'], 'POSE')
(bpy.data.armatures['Armature'], 'POSE')
(bpy.data.armatures['Armature'], 'POSE')
export finished in 0.5044 sec.
Info: Saved as "FoxRobot.blend"
FOX_VALIDATION {"parts": 33, "triangles": 84154, "bones": 12, "actions": ["Fox_Idle", "Fox_Move", "Fox_ShowOff", "Fox_Caught", "Fox_Death"], "loop_errors": {"Fox_Idle": 8.57252763722393e-18, "Fox_Move": 2.0651710464715334e-17, "Fox_ShowOff": 0.0}, "unity_scale": 0.69}

Blender quit
