00:00.062  reports          | WARNING Unable to open 'C:\Users\matez\AppData\Roaming\Blender Foundation\Blender\5.2\config\userpref.blend': Permission denied
Blender 5.2.1 LTS (hash 9e2066aef7ef built 2026-08-25 02:38:20)
00:01.812  blend            | Read blend: "D:\Projects\miniGame01\Art\GhostEnemy2\SpectralHunter.blend"
00:02.219  image.write      | ERROR OpenImageIO write failed: Could not open file "\.thumbnails\large\blender_45116_7e59ff1abe59043b131c608fee134cf5.png.png"
00:19.750  render           | Saved: 'D:\Projects\miniGame01\Art\ApexGhoul\portrait.png'
00:38.031  render           | Saved: 'D:\Projects\miniGame01\Art\ApexGhoul\overhead.png'

FBX export starting... 'D:/Projects/miniGame01/Assets/Characters/ApexGhoul/ApexGhoul.fbx'
(bpy.data.armatures['SpectralHunter_Rig'], 'POSE')
(bpy.data.armatures['SpectralHunter_Rig'], 'POSE')
(bpy.data.armatures['SpectralHunter_Rig'], 'POSE')
(bpy.data.armatures['SpectralHunter_Rig'], 'POSE')
(bpy.data.armatures['SpectralHunter_Rig'], 'POSE')
(bpy.data.armatures['SpectralHunter_Rig'], 'POSE')
(bpy.data.armatures['SpectralHunter_Rig'], 'POSE')
(bpy.data.armatures['SpectralHunter_Rig'], 'POSE')
(bpy.data.armatures['SpectralHunter_Rig'], 'POSE')
(bpy.data.armatures['SpectralHunter_Rig'], 'POSE')
(bpy.data.armatures['SpectralHunter_Rig'], 'POSE')
(bpy.data.armatures['SpectralHunter_Rig'], 'POSE')
(bpy.data.armatures['SpectralHunter_Rig'], 'POSE')
(bpy.data.armatures['SpectralHunter_Rig'], 'POSE')
(bpy.data.armatures['SpectralHunter_Rig'], 'POSE')
(bpy.data.armatures['SpectralHunter_Rig'], 'POSE')
(bpy.data.armatures['SpectralHunter_Rig'], 'POSE')
(bpy.data.armatures['SpectralHunter_Rig'], 'POSE')
(bpy.data.armatures['SpectralHunter_Rig'], 'POSE')
(bpy.data.armatures['SpectralHunter_Rig'], 'POSE')
(bpy.data.armatures['SpectralHunter_Rig'], 'POSE')
(bpy.data.armatures['SpectralHunter_Rig'], 'POSE')
(bpy.data.armatures['SpectralHunter_Rig'], 'POSE')
(bpy.data.armatures['SpectralHunter_Rig'], 'POSE')
(bpy.data.armatures['SpectralHunter_Rig'], 'POSE')
(bpy.data.armatures['SpectralHunter_Rig'], 'POSE')
(bpy.data.armatures['SpectralHunter_Rig'], 'POSE')
(bpy.data.armatures['SpectralHunter_Rig'], 'POSE')
(bpy.data.armatures['SpectralHunter_Rig'], 'POSE')
(bpy.data.armatures['SpectralHunter_Rig'], 'POSE')
export finished in 0.0603 sec.
Info: Saved as "ApexGhoul.blend"

Blender quit
