00:00.047  reports          | WARNING Unable to open 'C:\Users\matez\AppData\Roaming\Blender Foundation\Blender\5.2\config\userpref.blend': Permission denied
Blender 5.2.1 LTS (hash 9e2066aef7ef built 2026-08-25 02:38:20)
D:\Projects\miniGame01\Art\LanternWarden\build.py:14: DeprecationWarning: 'Material.use_nodes' is expected to be removed in Blender 6.0
  m=bpy.data.materials.new(name);m.diffuse_color=(*col,1);m.use_nodes=True
D:\Projects\miniGame01\Art\LanternWarden\build.py:14: DeprecationWarning: 'Material.use_nodes' is expected to be removed in Blender 6.0
  m=bpy.data.materials.new(name);m.diffuse_color=(*col,1);m.use_nodes=True
D:\Projects\miniGame01\Art\LanternWarden\build.py:180: DeprecationWarning: 'World.use_nodes' is expected to be removed in Blender 6.0
  sc.world=bpy.data.worlds.new('Night blue');sc.world.use_nodes=True;sc.world.node_tree.nodes['Background'].inputs[0].default_value=(.07,.09,.14,1);sc.world.node_tree.nodes['Background'].inputs[1].default_value=.3
00:02.407  image.write      | ERROR OpenImageIO write failed: Could not open file "\.thumbnails\large\blender_7796_f56bff1d45cdedde1e0fdded44be4af5.png.png"
00:19.297  render           | Saved: 'D:\Projects\miniGame01\Art\LanternWarden\portrait.png'
00:36.532  render           | Saved: 'D:\Projects\miniGame01\Art\LanternWarden\overhead.png'
Extensions: writing cache failed ([WinError 5] Access is denied: 'C:\\Users\\matez\\AppData\\Roaming\\Blender Foundation\\Blender\\5.2\\extensions').

FBX export starting... 'D:/Projects/miniGame01/Assets/Characters/LanternWarden/LanternWarden.fbx'
(bpy.data.armatures['Armature'], 'POSE')
(bpy.data.armatures['Armature'], 'POSE')
(bpy.data.armatures['Armature'], 'POSE')
(bpy.data.armatures['Armature'], 'POSE')
(bpy.data.armatures['Armature'], 'POSE')
(bpy.data.armatures['Armature'], 'POSE')
(bpy.data.armatures['Armature'], 'POSE')
(bpy.data.armatures['Armature'], 'POSE')
(bpy.data.armatures['Armature'], 'POSE')
(bpy.data.armatures['Armature'], 'POSE')
(bpy.data.armatures['Armature'], 'POSE')
(bpy.data.armatures['Armature'], 'POSE')
(bpy.data.armatures['Armature'], 'POSE')
(bpy.data.armatures['Armature'], 'POSE')
export finished in 0.1467 sec.
Info: Saved as "LanternWarden.blend"
WARDEN_VALIDATION {"triangles_default": 14684, "bones": 8, "loop_errors": {"Warden_Idle": 1.4695763554510994e-17, "Warden_Move": 3.429011385761817e-17}, "actions": ["Warden_Idle", "Warden_Move", "Warden_Caught", "Warden_Death"], "eye_styles": ["Oval", "Crescent", "Diamond"]}
Unable to delete file
Unable to delete file

Blender quit
