00:00.062  reports          | WARNING Unable to open 'C:\Users\matez\AppData\Roaming\Blender Foundation\Blender\5.2\config\userpref.blend': Permission denied
Blender 5.2.1 LTS (hash 9e2066aef7ef built 2026-08-25 02:38:20)
D:\Projects\miniGame01\Art\LumenGhost\build.py:26: DeprecationWarning: 'Material.use_nodes' is expected to be removed in Blender 6.0
  m.use_nodes = True
D:\Projects\miniGame01\Art\LumenGhost\build.py:26: DeprecationWarning: 'Material.use_nodes' is expected to be removed in Blender 6.0
  m.use_nodes = True
D:\Projects\miniGame01\Art\LumenGhost\build.py:261: DeprecationWarning: 'World.use_nodes' is expected to be removed in Blender 6.0
  sc.world=bpy.data.worlds.new('Night studio');sc.world.use_nodes=True
00:03.812  image.write      | ERROR OpenImageIO write failed: Could not open file "\.thumbnails\large\blender_29000_a38aec2383eabafcda27c1f1b5f817ef.png.png"
00:21.891  render           | Saved: 'D:\Projects\miniGame01\Art\LumenGhost\portrait.png'
00:40.531  render           | Saved: 'D:\Projects\miniGame01\Art\LumenGhost\overhead.png'
Extensions: writing cache failed ([WinError 5] Access is denied: 'C:\\Users\\matez\\AppData\\Roaming\\Blender Foundation\\Blender\\5.2\\extensions').

FBX export starting... 'D:/Projects/miniGame01/Assets/Characters/LumenGhost/LumenGhost.fbx'
(bpy.data.armatures['Armature'], 'POSE')
(bpy.data.armatures['Armature'], 'POSE')
(bpy.data.armatures['Armature'], 'POSE')
(bpy.data.armatures['Armature'], 'POSE')
(bpy.data.armatures['Armature'], 'POSE')
(bpy.data.armatures['Armature'], 'POSE')
(bpy.data.armatures['Armature'], 'POSE')
(bpy.data.armatures['Armature'], 'POSE')
(bpy.data.armatures['Armature'], 'POSE')
(bpy.data.armatures['Armature'], 'POSE')
(bpy.data.armatures['Armature'], 'POSE')
(bpy.data.armatures['Armature'], 'POSE')
(bpy.data.armatures['Armature'], 'POSE')
export finished in 0.1043 sec.
Info: Saved as "LumenGhost.blend"
LUMEN_VALIDATION {"triangles": 28348, "mesh_objects": 13, "bones": 6, "loop_error": 1.102182101152202e-17, "height_m": 1.85, "recommended_unity_scale": 0.5, "animation": "Lumen_Hover_Loop, 3 seconds, stationary root", "reference": "User supplied cute-halloween-3d-ghost_23-2151848549.avif and approved luminous concept"}
Unable to delete file
Unable to delete file

Blender quit
